
> react-example@0.0.0 build
> vite build && esbuild server.ts --bundle --platform=node --format=cjs --packages=external --sourcemap --outfile=dist/server.cjs

vite v6.4.3 building for production...
transforming...
✓ 3721 modules transformed.
rendering chunks...
[plugin vite:reporter] 
(!) /workspace/My-App/src/views/visual-instruments/LiteratureFoundations.tsx is dynamically imported by /workspace/My-App/src/views/visual-instruments/registry.ts but also statically imported by /workspace/My-App/src/views/topic-experiments/TopicExperiment.tsx, /workspace/My-App/src/views/visual-instruments/PhilosophyOperations.tsx, /workspace/My-App/src/views/visual-instruments/SociologyOperations.tsx, /workspace/My-App/src/views/visual-instruments/WritingOperations.tsx, dynamic import will not move module into another chunk.

[plugin vite:reporter] 
(!) /workspace/My-App/src/views/visual-instruments/SociologyOperations.tsx is dynamically imported by /workspace/My-App/src/views/visual-instruments/registry.ts but also statically imported by /workspace/My-App/src/views/topic-experiments/TopicExperiment.tsx, dynamic import will not move module into another chunk.

[plugin vite:reporter] 
(!) /workspace/My-App/src/views/visual-instruments/PhilosophyOperations.tsx is dynamically imported by /workspace/My-App/src/views/visual-instruments/registry.ts but also statically imported by /workspace/My-App/src/views/topic-experiments/TopicExperiment.tsx, dynamic import will not move module into another chunk.

computing gzip size...
dist/index.html                                              3.41 kB │ gzip:     1.49 kB
dist/assets/KaTeX_Size3-Regular-CTq5MqoE.woff                4.42 kB
dist/assets/KaTeX_Size4-Regular-Dl5lxZxV.woff2               4.93 kB
dist/assets/KaTeX_Size2-Regular-Dy4dx90m.woff2               5.21 kB
dist/assets/KaTeX_Size1-Regular-mCD8mA8B.woff2               5.47 kB
dist/assets/KaTeX_Size4-Regular-BF-4gkZK.woff                5.98 kB
dist/assets/KaTeX_Size2-Regular-oD1tc_U0.woff                6.19 kB
dist/assets/KaTeX_Size1-Regular-C195tn64.woff                6.50 kB
dist/assets/KaTeX_Caligraphic-Regular-Di6jR-x-.woff2         6.91 kB
dist/assets/KaTeX_Caligraphic-Bold-Dq_IR9rO.woff2            6.91 kB
dist/assets/KaTeX_Size3-Regular-DgpXs0kz.ttf                 7.59 kB
dist/assets/KaTeX_Caligraphic-Regular-CTRA-rTL.woff          7.66 kB
dist/assets/KaTeX_Caligraphic-Bold-BEiXGLvX.woff             7.72 kB
dist/assets/KaTeX_Script-Regular-D3wIWfF6.woff2              9.64 kB
dist/assets/KaTeX_SansSerif-Regular-DDBCnlJ7.woff2          10.34 kB
dist/assets/KaTeX_Size4-Regular-DWFBv043.ttf                10.36 kB
dist/assets/KaTeX_Script-Regular-D5yQViql.woff              10.59 kB
dist/assets/KaTeX_Fraktur-Regular-CTYiF6lA.woff2            11.32 kB
dist/assets/KaTeX_Fraktur-Bold-CL6g_b3V.woff2               11.35 kB
dist/assets/KaTeX_Size2-Regular-B7gKUWhC.ttf                11.51 kB
dist/assets/KaTeX_SansSerif-Italic-C3H0VqGB.woff2           12.03 kB
dist/assets/KaTeX_SansSerif-Bold-D1sUS0GD.woff2             12.22 kB
dist/assets/KaTeX_Size1-Regular-Dbsnue_I.ttf                12.23 kB
dist/assets/KaTeX_SansSerif-Regular-CS6fqUqJ.woff           12.32 kB
dist/assets/KaTeX_Caligraphic-Regular-wX97UBjC.ttf          12.34 kB
dist/assets/KaTeX_Caligraphic-Bold-ATXxdsX0.ttf             12.37 kB
dist/assets/KaTeX_Fraktur-Regular-Dxdc4cR9.woff             13.21 kB
dist/assets/KaTeX_Fraktur-Bold-BsDP51OF.woff                13.30 kB
dist/assets/KaTeX_Typewriter-Regular-CO6r4hn1.woff2         13.57 kB
dist/assets/KaTeX_SansSerif-Italic-DN2j7dab.woff            14.11 kB
dist/assets/KaTeX_SansSerif-Bold-DbIhKOiC.woff              14.41 kB
dist/assets/KaTeX_Typewriter-Regular-C0xS9mPB.woff          16.03 kB
dist/assets/KaTeX_Math-BoldItalic-CZnvNsCZ.woff2            16.40 kB
dist/assets/KaTeX_Math-Italic-t53AETM-.woff2                16.44 kB
dist/assets/KaTeX_Script-Regular-C5JkGWo-.ttf               16.65 kB
dist/assets/KaTeX_Main-BoldItalic-DxDJ3AOS.woff2            16.78 kB
dist/assets/KaTeX_Main-Italic-NWA7e6Wa.woff2                16.99 kB
dist/assets/KaTeX_Math-BoldItalic-iY-2wyZ7.woff             18.67 kB
dist/assets/KaTeX_Math-Italic-DA0__PXp.woff                 18.75 kB
dist/assets/KaTeX_Main-BoldItalic-SpSLRI95.woff             19.41 kB
dist/assets/KaTeX_SansSerif-Regular-BNo7hRIc.ttf            19.44 kB
dist/assets/KaTeX_Fraktur-Regular-CB_wures.ttf              19.57 kB
dist/assets/KaTeX_Fraktur-Bold-BdnERNNW.ttf                 19.58 kB
dist/assets/KaTeX_Main-Italic-BMLOBm91.woff                 19.68 kB
dist/assets/KaTeX_SansSerif-Italic-YYjJ1zSn.ttf             22.36 kB
dist/assets/KaTeX_SansSerif-Bold-CFMepnvq.ttf               24.50 kB
dist/assets/KaTeX_Main-Bold-Cx986IdX.woff2                  25.32 kB
dist/assets/KaTeX_Main-Regular-B22Nviop.woff2               26.27 kB
dist/assets/KaTeX_Typewriter-Regular-D3Ib7_Hf.ttf           27.56 kB
dist/assets/KaTeX_AMS-Regular-BQhdFMY1.woff2                28.08 kB
dist/assets/KaTeX_Main-Bold-Jm3AIy58.woff                   29.91 kB
dist/assets/KaTeX_Main-Regular-Dr94JaBh.woff                30.77 kB
dist/assets/KaTeX_Math-BoldItalic-B3XSjfu4.ttf              31.20 kB
dist/assets/KaTeX_Math-Italic-flOr_0UB.ttf                  31.31 kB
dist/assets/KaTeX_Main-BoldItalic-DzxPMmG6.ttf              32.97 kB
dist/assets/KaTeX_AMS-Regular-DMm9YOAa.woff                 33.52 kB
dist/assets/KaTeX_Main-Italic-3WenGoN9.ttf                  33.58 kB
dist/assets/KaTeX_Main-Bold-waoOVXN0.ttf                    51.34 kB
dist/assets/KaTeX_Main-Regular-ypZvNtVU.ttf                 53.58 kB
dist/assets/KaTeX_AMS-Regular-DRggAlZN.ttf                  63.63 kB
dist/assets/QuantitiesInstrument-5rr9EJi1.css                0.26 kB │ gzip:     0.17 kB
dist/assets/SequenceInstrument-N8u_f63V.css                  0.32 kB │ gzip:     0.19 kB
dist/assets/LiteraryTraitInstrument-DkM94Li9.css             0.55 kB │ gzip:     0.29 kB
dist/assets/HistoryPhaseInstrument-zsaBwa4K.css              0.55 kB │ gzip:     0.30 kB
dist/assets/VisionDefectsBoard-BktNfcWX.css                  0.70 kB │ gzip:     0.38 kB
dist/assets/PhysicsDrawingWindow-CkFzPaGt.css                0.83 kB │ gzip:     0.42 kB
dist/assets/MatrixInstrument-DoEg4_iJ.css                    0.93 kB │ gzip:     0.40 kB
dist/assets/PlanarGeometryInstrument-DJhnNiTe.css            1.03 kB │ gzip:     0.43 kB
dist/assets/AlgebraInstrument-WziARRu-.css                   1.06 kB │ gzip:     0.40 kB
dist/assets/AreaGeometryInstrument-hx97_o_C.css              1.19 kB │ gzip:     0.42 kB
dist/assets/GeographyRemainingInstrument-DqwC7nfW.css        1.45 kB │ gzip:     0.57 kB
dist/assets/SolidInstrument-Bn1DUyBZ.css                     1.74 kB │ gzip:     0.65 kB
dist/assets/ReadingInstrument-Ca0eercx.css                   1.85 kB │ gzip:     0.74 kB
dist/assets/MechanismFrame-CE2FzMus.css                      2.36 kB │ gzip:     0.87 kB
dist/assets/PhotosynthesisBoard-DYw8Rhm-.css                 2.47 kB │ gzip:     0.89 kB
dist/assets/EnglishInstrument-sAFZclRY.css                   2.55 kB │ gzip:     0.94 kB
dist/assets/EnzymeBoard-CqwW7hvu.css                         2.65 kB │ gzip:     0.93 kB
dist/assets/FungiBoard-eXzJMWWq.css                          2.81 kB │ gzip:     0.97 kB
dist/assets/HeartCirculationBoard-QaxkMppU.css               3.17 kB │ gzip:     1.12 kB
dist/assets/IndependenceBoard-DD92eeO9.css                   4.96 kB │ gzip:     1.43 kB
dist/assets/markdown-BJmosK-V.css                           30.26 kB │ gzip:     8.10 kB
dist/assets/index-DoJoQ5Q1.css                             219.01 kB │ gzip:    38.40 kB
dist/assets/Visual-C_E9xwWZ.css                            361.56 kB │ gzip:    69.09 kB
dist/assets/studyActionLabels-Dg40tBfO.js                    0.12 kB │ gzip:     0.13 kB
dist/assets/firestore-DS0anhp1.js                            0.12 kB │ gzip:     0.12 kB
dist/assets/useMateriaLembrada-D6_w60_L.js                   0.23 kB │ gzip:     0.19 kB
dist/assets/confidence-2tHfoRvc.js                           0.23 kB │ gzip:     0.18 kB
dist/assets/reviewUrgency-d5UPbGLN.js                        0.26 kB │ gzip:     0.22 kB
dist/assets/cardText-BPpOAu5q.js                             0.32 kB │ gzip:     0.25 kB
dist/assets/ambiente-C539JtGt.js                             0.42 kB │ gzip:     0.30 kB
dist/assets/contentCatalog-CwML4SId.js                       0.53 kB │ gzip:     0.30 kB
dist/assets/PhysicsDrawingWindow-BaNbQQ-2.js                 0.56 kB │ gzip:     0.37 kB
dist/assets/EmptyState-BndEbjhv.js                           0.59 kB │ gzip:     0.36 kB
dist/assets/AiText-C5m6Xr70.js                               0.60 kB │ gzip:     0.38 kB
dist/assets/usarCena-DxxTjoWt.js                             0.63 kB │ gzip:     0.36 kB
dist/assets/literaryCatalog-_l8qv8rZ.js                      0.78 kB │ gzip:     0.36 kB
dist/assets/SceneNote-CI3-DMmH.js                            0.78 kB │ gzip:     0.46 kB
dist/assets/PrecisionMark-BpFglQqS.js                        0.79 kB │ gzip:     0.29 kB
dist/assets/QuestionStatement-BDHhnXLD.js                    0.82 kB │ gzip:     0.51 kB
dist/assets/useQuestions-BAgJrapa.js                         0.86 kB │ gzip:     0.50 kB
dist/assets/time-CxA2gV3S.js                                 0.91 kB │ gzip:     0.50 kB
dist/assets/KineticText-CwItJvtA.js                          0.92 kB │ gzip:     0.54 kB
dist/assets/errorLabels-C4SkZdrX.js                          0.92 kB │ gzip:     0.50 kB
dist/assets/tutorContracts-Dnh2gUqZ.js                       1.05 kB │ gzip:     0.47 kB
dist/assets/AiTextRenderer-K09DhMX8.js                       1.08 kB │ gzip:     0.47 kB
dist/assets/spacedRepetition-CyOiWi-X.js                     1.19 kB │ gzip:     0.57 kB
dist/assets/topicHierarchy-C_u2gSaC.js                       1.31 kB │ gzip:     0.71 kB
dist/assets/MechanismFrame-BAycKJU4.js                       1.31 kB │ gzip:     0.69 kB
dist/assets/crivoPaletteTween-DQY86ma8.js                    1.37 kB │ gzip:     0.80 kB
dist/assets/geometriaMolecular-CwW4GQ47.js                   1.54 kB │ gzip:     0.66 kB
dist/assets/sceneKit-BECJ_mZC.js                             1.71 kB │ gzip:     0.95 kB
dist/assets/useUserMastery-dZUH4V7D.js                       1.90 kB │ gzip:     0.92 kB
dist/assets/useStudentGoals-39OoF8vh.js                      2.03 kB │ gzip:     0.96 kB
dist/assets/useUserProfile-ChzWfbVK.js                       2.04 kB │ gzip:     0.96 kB
dist/assets/Admin-CB0Dt3mP.js                                2.54 kB │ gzip:     1.12 kB
dist/assets/aiClient-BGOGT37w.js                             2.58 kB │ gzip:     1.13 kB
dist/assets/CenaDaMateria-CRLNWjzq.js                        3.17 kB │ gzip:     1.27 kB
dist/assets/Desigualdade-U62dwp3A.js                         3.45 kB │ gzip:     1.79 kB
dist/assets/MechanismLab-CP_0jvR8.js                         3.73 kB │ gzip:     1.74 kB
dist/assets/Caverna-Bn_lhgRC.js                              4.11 kB │ gzip:     2.05 kB
dist/assets/ObrasObrigatorias-DKokf4qB.js                    4.15 kB │ gzip:     1.86 kB
dist/assets/ProbabilityPairsBoard-BckD4HUA.js                4.24 kB │ gzip:     2.01 kB
dist/assets/RightTriangleBoard-CQGCpLfW.js                   4.27 kB │ gzip:     1.83 kB
dist/assets/TrigCircleBoard-DQGfurjL.js                      4.32 kB │ gzip:     1.95 kB
dist/assets/CompetenciasEnem-BbZJWVh3.js                     4.37 kB │ gzip:     2.21 kB
dist/assets/RetaFinal-2I69TqXA.js                            4.41 kB │ gzip:     1.84 kB
dist/assets/QuadraticBoard-DMQ2xWDo.js                       4.41 kB │ gzip:     2.02 kB
dist/assets/VectorsInstrument-BUfsbQ6r.js                    4.41 kB │ gzip:     1.97 kB
dist/assets/ExponentialBoard-B5sEWLwX.js                     4.42 kB │ gzip:     2.00 kB
dist/assets/ProgressionBoard-Bo-889os.js                     4.44 kB │ gzip:     2.04 kB
dist/assets/studyRoadmap-Bd1Dw464.js                         4.47 kB │ gzip:     1.44 kB
dist/assets/OrbitalInstrument-BFY4ZRii.js                    4.49 kB │ gzip:     2.01 kB
dist/assets/Escansao-Bd_xMuA4.js                             4.58 kB │ gzip:     2.36 kB
dist/assets/CountingBoard-CXl9bnOb.js                        4.59 kB │ gzip:     2.11 kB
dist/assets/Obras-BnBduSsb.js                                4.62 kB │ gzip:     2.01 kB
dist/assets/SolutionsBoard-B6Hu8S5o.js                       4.65 kB │ gzip:     2.06 kB
dist/assets/EfeitoEstufa-Blb2E6rr.js                         4.68 kB │ gzip:     2.33 kB
dist/assets/duplaHelice-B8kj1dM0.js                          4.69 kB │ gzip:     2.13 kB
dist/assets/EnergyInstrument-CPSWdF57.js                     4.71 kB │ gzip:     2.03 kB
dist/assets/KinematicsInstrument-B-lenI7F.js                 4.76 kB │ gzip:     2.12 kB
dist/assets/TrophicBoard-GeZYykbX.js                         4.80 kB │ gzip:     2.23 kB
dist/assets/studyPhase-BhrWYch0.js                           4.97 kB │ gzip:     1.50 kB
dist/assets/LogarithmBoard-y5nse5ac.js                       5.00 kB │ gzip:     1.93 kB
dist/assets/SequenceInstrument-CH3VcX4g.js                   5.02 kB │ gzip:     2.21 kB
dist/assets/CircuitBoard-yJ9Kbx9L.js                         5.07 kB │ gzip:     2.04 kB
dist/assets/DynamicsInstrument-BVVj2OkR.js                   5.10 kB │ gzip:     2.27 kB
dist/assets/CellDivisionBoard-DuElQyN1.js                    5.11 kB │ gzip:     2.03 kB
dist/assets/StoichiometryBoard-DUzv65Jt.js                   5.13 kB │ gzip:     2.13 kB
dist/assets/HydrostaticsBoard-Hsrb5vFX.js                    5.19 kB │ gzip:     2.14 kB
dist/assets/CarbonCycleBoard-afq_7kPv.js                     5.32 kB │ gzip:     2.09 kB
dist/assets/BuscaRapida-7LsOi8_S.js                          5.35 kB │ gzip:     2.35 kB
dist/assets/BondingBoard-BAbhIxkg.js                         5.35 kB │ gzip:     2.15 kB
dist/assets/MendelBoard-DxB_edAO.js                          5.42 kB │ gzip:     2.44 kB
dist/assets/NewtonBoard-W0dw1F9S.js                          5.43 kB │ gzip:     2.04 kB
dist/assets/AnaliseSintatica-BxEiyhIy.js                     5.50 kB │ gzip:     2.49 kB
dist/assets/CrivoDesignSystemGallery-CPYFBnJo.js             5.50 kB │ gzip:     1.97 kB
dist/assets/CurrentAffairsContextInstrument-mJaeVAYu.js      5.58 kB │ gzip:     2.46 kB
dist/assets/DuplaHelice-DzEkZzNA.js                          5.58 kB │ gzip:     2.54 kB
dist/assets/illustrationKit-BhmCx8fx.js                      5.64 kB │ gzip:     2.07 kB
dist/assets/BloodTypeBoard-DrK5aT1c.js                       5.71 kB │ gzip:     2.17 kB
dist/assets/LinhaDoTempo-CUjCcQCB.js                         5.83 kB │ gzip:     2.59 kB
dist/assets/GeometriaMolecular-Dvhs5_Eh.js                   5.86 kB │ gzip:     2.70 kB
dist/assets/SolidosGeometricos-C0QnHXEM.js                   6.05 kB │ gzip:     2.66 kB
dist/assets/EstacoesDoAno-BFv_uflL.js                        6.06 kB │ gzip:     2.92 kB
dist/assets/EnzymeBoard-QgYXzHx7.js                          6.38 kB │ gzip:     2.67 kB
dist/assets/IndependenceBoard-n0E5sJVo.js                    6.51 kB │ gzip:     2.81 kB
dist/assets/VisionDefectsBoard-CPKQCNXi.js                   6.63 kB │ gzip:     2.77 kB
dist/assets/Laboratorio-D1xDB_zm.js                          6.90 kB │ gzip:     2.68 kB
dist/assets/Estrategias-BJGzB0M9.js                          7.42 kB │ gzip:     2.17 kB
dist/assets/AtomModelsBoard-DN8p4nmV.js                      7.57 kB │ gzip:     3.35 kB
dist/assets/FungiBoard-DWKd2p89.js                           7.68 kB │ gzip:     3.35 kB
dist/assets/useSummaryProgress-BmGfvRpS.js                   7.76 kB │ gzip:     3.00 kB
dist/assets/KinematicsBoard-DOs0ZWvU.js                      7.81 kB │ gzip:     3.10 kB
dist/assets/FlashcardSession-C2dvbcv8.js                     7.82 kB │ gzip:     3.03 kB
dist/assets/Conexoes-62THOqL5.js                             7.91 kB │ gzip:     2.73 kB
dist/assets/Plano-2aATCU3S.js                                7.93 kB │ gzip:     2.64 kB
dist/assets/WaveBoard-CIwMsXw1.js                            8.50 kB │ gzip:     3.50 kB
dist/assets/examPriorities-CgaC9lQN.js                       8.55 kB │ gzip:     1.82 kB
dist/assets/AdiabaticBoard-aUZr7cUn.js                       8.67 kB │ gzip:     3.25 kB
dist/assets/MembraneBoard-CoZhFrCn.js                        8.68 kB │ gzip:     3.38 kB
dist/assets/AcidBaseBoard-Cn528Pir.js                        8.83 kB │ gzip:     3.61 kB
dist/assets/HeartCirculationBoard-BbooP7VG.js                8.86 kB │ gzip:     3.50 kB
dist/assets/CalorimetryBoard-TvhUeIfr.js                     8.87 kB │ gzip:     3.41 kB
dist/assets/QuantitiesInstrument-BufCGRzh.js                 9.23 kB │ gzip:     3.51 kB
dist/assets/ElectrostaticsInstrument-C7FvAPe9.js             9.35 kB │ gzip:     3.73 kB
dist/assets/AlgebraInstrument-B77u-yvU.js                    9.65 kB │ gzip:     3.74 kB
dist/assets/useDailyPlan-CGaSM-cL.js                         9.86 kB │ gzip:     4.09 kB
dist/assets/BiologyInstrument-BlbYEzf-.js                    9.88 kB │ gzip:     3.51 kB
dist/assets/PhotosynthesisBoard-fzslqB0u.js                  9.90 kB │ gzip:     3.74 kB
dist/assets/estudio3d-21Vsy9Gm.js                           10.07 kB │ gzip:     4.57 kB
dist/assets/Revisoes-Z7x9kbxP.js                            10.14 kB │ gzip:     3.82 kB
dist/assets/ThermochemBoard-DLk4Ewmj.js                     10.14 kB │ gzip:     4.08 kB
dist/assets/ElectricInstrument-opgStY7F.js                  10.15 kB │ gzip:     4.02 kB
dist/assets/ElectrochemistryInstrument-CWDjPAAe.js          10.16 kB │ gzip:     3.58 kB
dist/assets/AdminObras-C_fmnhQj.js                          10.32 kB │ gzip:     3.25 kB
dist/assets/OpticsInstrument-CHiSWZEk.js                    10.67 kB │ gzip:     4.00 kB
dist/assets/HistoryInstrument-DaCIXOVV.js                   10.97 kB │ gzip:     4.10 kB
dist/assets/GeographyInstrument-CvTWdvUF.js                 10.98 kB │ gzip:     4.07 kB
dist/assets/AreaGeometryInstrument-BBzl7YQC.js              10.99 kB │ gzip:     4.08 kB
dist/assets/MatrixInstrument-D0H7XVi5.js                    11.03 kB │ gzip:     4.12 kB
dist/assets/AgendaView-BLumPAPg.js                          11.22 kB │ gzip:     3.70 kB
dist/assets/useDailyStudyAvailability-C_FiwsSn.js           12.22 kB │ gzip:     4.40 kB
dist/assets/ThermoInstrument-DTlWK-wc.js                    12.30 kB │ gzip:     4.11 kB
dist/assets/Prioridades-BqCmZpIn.js                         13.34 kB │ gzip:     5.03 kB
dist/assets/PlanarGeometryInstrument-CYKZArWd.js            13.64 kB │ gzip:     4.88 kB
dist/assets/ObraDetalhe-9er8l6hS.js                         14.38 kB │ gzip:     4.84 kB
dist/assets/Sessao-L_1pI_jO.js                              14.53 kB │ gzip:     5.44 kB
dist/assets/BancadaOptica-Dai-w21h.js                       14.70 kB │ gzip:     5.99 kB
dist/assets/WavesInstrument-DXpDUg5K.js                     14.72 kB │ gzip:     5.42 kB
dist/assets/Perfil-OA9agS5P.js                              14.76 kB │ gzip:     4.55 kB
dist/assets/Erros-BK1BnZY3.js                               15.03 kB │ gzip:     4.69 kB
dist/assets/AdminConteudo-BPpKBMlZ.js                       15.16 kB │ gzip:     3.67 kB
dist/assets/MagnetismInstrument-D7UerBnp.js                 15.25 kB │ gzip:     5.49 kB
dist/assets/MechanicsFinalInstrument-CKYZ-U4e.js            15.52 kB │ gzip:     6.00 kB
dist/assets/RemainingMathInstrument-CfVgTi8E.js             15.76 kB │ gzip:     5.50 kB
dist/assets/LensBoard-Dp06DQN2.js                           17.31 kB │ gzip:     6.03 kB
dist/assets/resolutionStrategies-tx6ET_8s.js                17.75 kB │ gzip:     7.12 kB
dist/assets/Questoes-ODJ9GDxy.js                            18.27 kB │ gzip:     6.44 kB
dist/assets/userData-R47qwRQw.js                            18.28 kB │ gzip:     6.51 kB
dist/assets/SolidInstrument-I5pDKf2K.js                     19.34 kB │ gzip:     7.24 kB
dist/assets/HistoryPhaseInstrument-DLkRyuQS.js              19.38 kB │ gzip:     7.55 kB
dist/assets/AnalyticInstrument-rD0yesaX.js                  19.51 kB │ gzip:     7.58 kB
dist/assets/CartesianInstrument-ygOWdwwd.js                 19.53 kB │ gzip:     7.38 kB
dist/assets/PhysicsMechanismScenes-DMo3QfUR.js              19.65 kB │ gzip:     6.76 kB
dist/assets/Tutor-DWLbwoRP.js                               22.12 kB │ gzip:     5.38 kB
dist/assets/Flashcards-BNaGIyP-.js                          22.24 kB │ gzip:     6.25 kB
dist/assets/Evolucao-C8icSxDo.js                            22.44 kB │ gzip:     6.95 kB
dist/assets/GeographyRemainingInstrument-D39QnUF2.js        23.30 kB │ gzip:     7.77 kB
dist/assets/CrivoCore-cbnrxYpp.js                           23.54 kB │ gzip:     8.35 kB
dist/assets/Recuperacao-B89P_1AR.js                         24.80 kB │ gzip:     7.45 kB
dist/assets/WritingOperations-CbeyXYti.js                   26.10 kB │ gzip:     8.65 kB
dist/assets/Dashboard-BX9U_o6J.js                           30.30 kB │ gzip:    10.50 kB
dist/assets/Redacao-DsCxziMs.js                             30.70 kB │ gzip:     9.67 kB
dist/assets/GeographyContextInstrument-Sh0hykTb.js          31.17 kB │ gzip:     9.90 kB
dist/assets/ChemistryInstrument-BUSujMdo.js                 31.71 kB │ gzip:     9.89 kB
dist/assets/Resumos-BfERM9rj.js                             32.45 kB │ gzip:    10.31 kB
dist/assets/Podcast-qxLuCyTk.js                             33.10 kB │ gzip:    11.38 kB
dist/assets/ReadingInstrument-LEbEkQlO.js                   34.99 kB │ gzip:    11.77 kB
dist/assets/nebulosas-yw6rpBy6.js                           37.09 kB │ gzip:    11.34 kB
dist/assets/opusculo-humanitario-BbOTRw_Z.js                38.01 kB │ gzip:    11.90 kB
dist/assets/geografia-DLuYp_7z.js                           38.98 kB │ gzip:    11.89 kB
dist/assets/router-uXJczNOQ.js                              39.66 kB │ gzip:    14.35 kB
dist/assets/EnglishInstrument-B4nblCWr.js                   41.38 kB │ gzip:    15.09 kB
dist/assets/PhysicsRemainingInstrument-Dhktgbvh.js          42.50 kB │ gzip:    13.85 kB
dist/assets/memorias-de-martha-BBV_HwcM.js                  43.12 kB │ gzip:    13.47 kB
dist/assets/morangos-mofados-BXLAEPZK.js                    45.24 kB │ gzip:    13.98 kB
dist/assets/visao-das-plantas-tGrkTfj-.js                   45.53 kB │ gzip:    13.56 kB
dist/assets/cancao-para-ninar-menino-grande-DZ4tCLdY.js     45.83 kB │ gzip:    13.89 kB
dist/assets/a-vida-nao-e-util-CsvJybP0.js                   46.35 kB │ gzip:    13.89 kB
dist/assets/LiteraryTraitInstrument-DobOX8ty.js             48.15 kB │ gzip:    15.81 kB
dist/assets/BiologyRemainingInstrument-BpkcqzRX.js          49.07 kB │ gzip:    15.27 kB
dist/assets/caminho-de-pedras-D8R1DxLg.js                   51.63 kB │ gzip:    16.12 kB
dist/assets/cancoes-escolhidas-14-letras-BqBnmdX9.js        51.80 kB │ gzip:    15.65 kB
dist/assets/balada-de-amor-ao-vento-QGsJ61KV.js             52.70 kB │ gzip:    15.83 kB
dist/assets/paixao-segundo-gh-2zqOccpD.js                   56.39 kB │ gzip:    16.98 kB
dist/assets/olhos-dagua-D4bOt0vO.js                         62.15 kB │ gzip:    18.46 kB
dist/assets/funerais-da-mamae-grande-72mF6Ayi.js            66.16 kB │ gzip:    18.39 kB
dist/assets/prosas-seguidas-de-odes-minimas-EbVt3eRs.js     66.47 kB │ gzip:    20.41 kB
dist/assets/WritingInstrument-CqaHpy59.js                   74.37 kB │ gzip:    22.36 kB
dist/assets/GrammarInstrument-B7dcJLbu.js                   81.04 kB │ gzip:    25.22 kB
dist/assets/index-Bcl_52Tj.js                               86.35 kB │ gzip:    29.48 kB
dist/assets/summaryCurriculum-BxCwYTAg.js                   91.09 kB │ gzip:    17.11 kB
dist/assets/firebase-core-B18zcqXt.js                       92.59 kB │ gzip:    27.88 kB
dist/assets/gonzaga-de-sa-DS0bguV5.js                       93.36 kB │ gzip:    28.75 kB
dist/assets/no-seu-pescoco-BpOmoZlx.js                      93.47 kB │ gzip:    25.22 kB
dist/assets/firebase-auth-BUGAK1Oi.js                      114.82 kB │ gzip:    23.29 kB
dist/assets/mockData-ChbiG-KB.js                           122.85 kB │ gzip:    36.04 kB
dist/assets/Treino2aFase-a4BGOFUK.js                       145.50 kB │ gzip:    48.38 kB
dist/assets/interactiveSummaries-CAhFZEs2.js               162.52 kB │ gzip:    56.30 kB
dist/assets/bras-cubas-Cur_M2gN.js                         184.02 kB │ gzip:    52.33 kB
dist/assets/charts-DqEwOfXJ.js                             337.66 kB │ gzip:    90.48 kB
dist/assets/markdown-C_ihEEOv.js                           386.21 kB │ gzip:   115.81 kB
dist/assets/firebase-firestore-BLigD_Br.js                 474.79 kB │ gzip:   117.80 kB
dist/assets/vendor-CR8q0QVM.js                             532.80 kB │ gzip:   167.35 kB
dist/assets/Diagnostico-DZgybf_U.js                        578.82 kB │ gzip:   168.42 kB
dist/assets/cena-3d-BEZ2F6Sp.js                            583.48 kB │ gzip:   147.81 kB
dist/assets/Visual-sR-O9vU8.js                           1,938.51 kB │ gzip:   543.37 kB
dist/assets/deepSummaryContent-Dp-gh6I5.js               3,983.88 kB │ gzip: 1,188.40 kB

(!) Some chunks are larger than 500 kB after minification. Consider:
- Using dynamic import() to code-split the application
- Use build.rollupOptions.output.manualChunks to improve chunking: https://rollupjs.org/configuration-options/#output-manualchunks
- Adjust chunk size limit for this warning via build.chunkSizeWarningLimit.
✓ built in 26.17s

  dist/server.cjs      237.2kb
  dist/server.cjs.map  463.6kb

⚡ Done in 46ms
